
## startup  (N=0) — interpreter/VM startup + base memory
  brood          7.9 ms       9032 KB   = 0
  elixir       309.3 ms      95252 KB   = 0
  python        13.7 ms       9756 KB   = 0
  node          22.2 ms      45740 KB   = 0

## fib  (N=30) — naive recursion / function-call overhead
  brood       2400.6 ms      16020 KB   = 832040
  elixir       356.1 ms      96196 KB   = 832040
  python        73.8 ms       9784 KB   = 832040
  node          37.0 ms      51816 KB   = 832040

## loop  (N=3000000) — raw iteration (tail recursion vs for-loop)
  brood       3647.6 ms      16388 KB   = 3000000
  elixir       365.7 ms      95912 KB   = 3000000
  python       187.7 ms       9768 KB   = 3000000
  node          23.7 ms      51820 KB   = 3000000

## reduce  (N=1000000) — higher-order fold over a range
  brood       4895.8 ms     251024 KB   = 499999500000
  elixir       305.5 ms      94664 KB   = 499999500000
  python        51.1 ms      10456 KB   = 499999500000
  node          31.7 ms      53976 KB   = 499999500000

## primes  (N=20000) — integer arithmetic (trial division)
  brood        478.0 ms      16196 KB   = 2262
  elixir       358.3 ms      97160 KB   = 2262
  python        24.2 ms       9784 KB   = 2262
  node          27.3 ms      51980 KB   = 2262

## collatz  (N=30000) — integer arithmetic + tight inner loop
  brood       5899.3 ms      16104 KB   = 307
  elixir       365.3 ms      96968 KB   = 307
  python       230.9 ms       9556 KB   = 307
  node          37.7 ms      51848 KB   = 307

## mandelbrot  (N=128) — floating-point math (escape iterations)
  brood       1706.4 ms      16672 KB   = 345426
  elixir       370.9 ms      96428 KB   = 345426
  python        77.7 ms      10012 KB   = 345426
  node          24.1 ms      52988 KB   = 345426

## matmul  (N=80) — nested loops + indexing (integer NxN)
  brood       3632.0 ms      22276 KB   = 229499993
  elixir       327.7 ms      96820 KB   = 229499993
  python        56.7 ms      10028 KB   = 229499993
  node          24.1 ms      52624 KB   = 229499993

## strings  (N=50000) — string building (join) + length
  brood        597.8 ms      72352 KB   = 288889
  elixir       338.3 ms     103240 KB   = 288889
  python        17.1 ms      12904 KB   = 288889
  node          26.8 ms      56696 KB   = 288889

## wordcount  (N=100000) — hash-map build (immutable vs mutable)
  brood        615.2 ms      25796 KB   = 50038280
  elixir       354.1 ms      94060 KB   = 50038280
  python        32.2 ms      10008 KB   = 50038280
  node          32.0 ms      54448 KB   = 50038280

## bintree  (N=40) — allocation / GC pressure (build+walk trees)
  brood       1481.7 ms      22764 KB   = 327640
  elixir       360.3 ms      99004 KB   = 327640
  python        29.0 ms       9996 KB   = 327640
  node          26.3 ms      55708 KB   = 327640

## sort  (N=50000) — sort a list of ints + checksum walk
  brood        211.3 ms      22992 KB   = 102632633
  elixir       324.2 ms     103488 KB   = 102632633
  python        28.9 ms      12016 KB   = 102632633
  node          37.2 ms      55040 KB   = 102632633

## spawn  (N=20000) — lightweight processes + messaging
  brood        635.5 ms      29564 KB   = 199990000
  elixir       346.5 ms     113704 KB   = 199990000

Wrote /home/wilhelm/src/whk/benchmark/results/results.json and /home/wilhelm/src/whk/benchmark/results/report.md

# Brood vs Elixir vs Python vs Node — benchmark results

_Best of 3 runs per program; full sizes. Wall = total process time (startup + compute). RSS = peak resident memory._

## startup — interpreter/VM startup + base memory  (N=0)

| lang | wall | vs fastest | peak RSS | checksum |
|------|------|-----------|----------|----------|
| brood | 7.9ms | 1.0× | 8.8 MB | 0 |
| elixir | 309.3ms | 39.2× | 93.0 MB | 0 |
| python | 13.7ms | 1.7× | 9.5 MB | 0 |
| node | 22.2ms | 2.8× | 44.7 MB | 0 |

## fib — naive recursion / function-call overhead  (N=30)

| lang | wall | vs fastest | peak RSS | checksum |
|------|------|-----------|----------|----------|
| brood | 2.401s | 64.9× | 15.6 MB | 832040 |
| elixir | 356.1ms | 9.6× | 93.9 MB | 832040 |
| python | 73.8ms | 2.0× | 9.6 MB | 832040 |
| node | 37.0ms | 1.0× | 50.6 MB | 832040 |

## loop — raw iteration (tail recursion vs for-loop)  (N=3000000)

| lang | wall | vs fastest | peak RSS | checksum |
|------|------|-----------|----------|----------|
| brood | 3.648s | 153.9× | 16.0 MB | 3000000 |
| elixir | 365.7ms | 15.4× | 93.7 MB | 3000000 |
| python | 187.7ms | 7.9× | 9.5 MB | 3000000 |
| node | 23.7ms | 1.0× | 50.6 MB | 3000000 |

## reduce — higher-order fold over a range  (N=1000000)

| lang | wall | vs fastest | peak RSS | checksum |
|------|------|-----------|----------|----------|
| brood | 4.896s | 154.4× | 245.1 MB | 499999500000 |
| elixir | 305.5ms | 9.6× | 92.4 MB | 499999500000 |
| python | 51.1ms | 1.6× | 10.2 MB | 499999500000 |
| node | 31.7ms | 1.0× | 52.7 MB | 499999500000 |

## primes — integer arithmetic (trial division)  (N=20000)

| lang | wall | vs fastest | peak RSS | checksum |
|------|------|-----------|----------|----------|
| brood | 478.0ms | 19.8× | 15.8 MB | 2262 |
| elixir | 358.3ms | 14.8× | 94.9 MB | 2262 |
| python | 24.2ms | 1.0× | 9.6 MB | 2262 |
| node | 27.3ms | 1.1× | 50.8 MB | 2262 |

## collatz — integer arithmetic + tight inner loop  (N=30000)

| lang | wall | vs fastest | peak RSS | checksum |
|------|------|-----------|----------|----------|
| brood | 5.899s | 156.5× | 15.7 MB | 307 |
| elixir | 365.3ms | 9.7× | 94.7 MB | 307 |
| python | 230.9ms | 6.1× | 9.3 MB | 307 |
| node | 37.7ms | 1.0× | 50.6 MB | 307 |

## mandelbrot — floating-point math (escape iterations)  (N=128)

| lang | wall | vs fastest | peak RSS | checksum |
|------|------|-----------|----------|----------|
| brood | 1.706s | 70.8× | 16.3 MB | 345426 |
| elixir | 370.9ms | 15.4× | 94.2 MB | 345426 |
| python | 77.7ms | 3.2× | 9.8 MB | 345426 |
| node | 24.1ms | 1.0× | 51.7 MB | 345426 |

## matmul — nested loops + indexing (integer NxN)  (N=80)

| lang | wall | vs fastest | peak RSS | checksum |
|------|------|-----------|----------|----------|
| brood | 3.632s | 150.7× | 21.8 MB | 229499993 |
| elixir | 327.7ms | 13.6× | 94.6 MB | 229499993 |
| python | 56.7ms | 2.4× | 9.8 MB | 229499993 |
| node | 24.1ms | 1.0× | 51.4 MB | 229499993 |

## strings — string building (join) + length  (N=50000)

| lang | wall | vs fastest | peak RSS | checksum |
|------|------|-----------|----------|----------|
| brood | 597.8ms | 35.0× | 70.7 MB | 288889 |
| elixir | 338.3ms | 19.8× | 100.8 MB | 288889 |
| python | 17.1ms | 1.0× | 12.6 MB | 288889 |
| node | 26.8ms | 1.6× | 55.4 MB | 288889 |

## wordcount — hash-map build (immutable vs mutable)  (N=100000)

| lang | wall | vs fastest | peak RSS | checksum |
|------|------|-----------|----------|----------|
| brood | 615.2ms | 19.2× | 25.2 MB | 50038280 |
| elixir | 354.1ms | 11.1× | 91.9 MB | 50038280 |
| python | 32.2ms | 1.0× | 9.8 MB | 50038280 |
| node | 32.0ms | 1.0× | 53.2 MB | 50038280 |

## bintree — allocation / GC pressure (build+walk trees)  (N=40)

| lang | wall | vs fastest | peak RSS | checksum |
|------|------|-----------|----------|----------|
| brood | 1.482s | 56.3× | 22.2 MB | 327640 |
| elixir | 360.3ms | 13.7× | 96.7 MB | 327640 |
| python | 29.0ms | 1.1× | 9.8 MB | 327640 |
| node | 26.3ms | 1.0× | 54.4 MB | 327640 |

## sort — sort a list of ints + checksum walk  (N=50000)

| lang | wall | vs fastest | peak RSS | checksum |
|------|------|-----------|----------|----------|
| brood | 211.3ms | 7.3× | 22.5 MB | 102632633 |
| elixir | 324.2ms | 11.2× | 101.1 MB | 102632633 |
| python | 28.9ms | 1.0× | 11.7 MB | 102632633 |
| node | 37.2ms | 1.3× | 53.8 MB | 102632633 |

## spawn — lightweight processes + messaging  (N=20000)

| lang | wall | vs fastest | peak RSS | checksum |
|------|------|-----------|----------|----------|
| brood | 635.5ms | 1.8× | 28.9 MB | 199990000 |
| elixir | 346.5ms | 1.0× | 111.0 MB | 199990000 |

